> load "A_101.m";
Loading "A_101.m"
Time: 0.920
The structure constants accessed in 0.000 seconds
Left-hand and right-hand matrices formed in 2.010 seconds.
The solution space for the system found in 2291.640 seconds
The current memory used is 3062.56250000000000000000000000 megabytes
checking on all triples..
The products of basis elements accessed in 0.010 seconds.
The values (a_ia_j, a_k) evaluated in 0.540 seconds.
Check for basis 1 of the solution space completed in 1.700 seconds
Time: 2297.100
idempotency check completed in 0.000
products of tau maps of axes with that of the first axis found in 0.090 seconds
Orders of products found in 0.800 seconds
The number of tau maps of maximum order 6 is 12 found in 0.000 seconds
The number of used products is 3
The initial group formed in 0.000 seconds
Reducing the number of generators of the Miyamoto group..
The numbers of generators of the current group reduced to two
The number of generators of the Miyamoto group reduced in 9.200 seconds
The Miyamoto group is PSL(2,11)
The number of generators of Miy is 2
closure of the axet found in 0.000 seconds.
The permutation representation of the Miyamoto group found in 0.000 seconds.
The isomorphism between the permutation and matrix representation found in 0.000
seconds.
Time: 13.110
The map form of the mapping formed in 0.000 seconds.
The injectivity check performed in 0.000 seconds.
products of both inputs and images computed in 0.110 seconds
Current size of used_prods is 46 
The current counter current is [ 1, 55 ] and the new counter is [ 1, 55 ]
multiplication is now closed with minimum 2-closure 
current dimension is 101
Current size of used_prods is 46 
now exited the while loop
The number of sigma maps is 0.
idempotency check completed in 0.000
products of tau maps of axes with that of the first axis found in 0.090 seconds
Orders of products found in 0.810 seconds
The number of tau maps of maximum order 6 is 12 found in 0.000 seconds
The number of used products is 3
The initial group formed in 0.000 seconds
Reducing the number of generators of the Miyamoto group..
The numbers of generators of the current group reduced to two
The number of generators of the Miyamoto group reduced in 8.580 seconds
The Miyamoto group is PSL(2,11)
The number of generators of Miy is 2
closure of the axet found in 0.010 seconds.
The permutation representation of the Miyamoto group found in 0.000 seconds.
The isomorphism between the permutation and matrix representation found in 0.000
seconds.
The map form of the mapping formed in 0.000 seconds.
The injectivity check performed in 0.000 seconds.
products of both inputs and images computed in 0.230 seconds
Current size of used_prods is 46 
The current counter current is [ 1, 55 ] and the new counter is [ 1, 55 ]
multiplication is now closed with minimum 2-closure 
current dimension is 101
Current size of used_prods is 46 
now exited the while loop
 There are user defined generators
 images of vectors in L found in 0.000 seconds
We check on the 101 generators
for i eq 1, products of the generators found in 0.000 seconds
images of products found in 0.000 seconds
for i eq 1 products of images formed in 0.340 seconds
for i eq 2, products of the generators found in 0.000 seconds
images of products found in 0.010 seconds
for i eq 2 products of images formed in 0.330 seconds
for i eq 3, products of the generators found in 0.000 seconds
images of products found in 0.000 seconds
for i eq 3 products of images formed in 0.310 seconds
for i eq 4, products of the generators found in 0.000 seconds
images of products found in 0.010 seconds
for i eq 4 products of images formed in 0.360 seconds
for i eq 5, products of the generators found in 0.000 seconds
images of products found in 0.010 seconds
for i eq 5 products of images formed in 0.360 seconds
for i eq 6, products of the generators found in 0.000 seconds
images of products found in 0.000 seconds
for i eq 6 products of images formed in 0.040 seconds
for i eq 7, products of the generators found in 0.000 seconds
images of products found in 0.000 seconds
for i eq 7 products of images formed in 0.360 seconds
for i eq 8, products of the generators found in 0.000 seconds
images of products found in 0.000 seconds
for i eq 8 products of images formed in 0.030 seconds
for i eq 9, products of the generators found in 0.000 seconds
images of products found in 0.000 seconds
for i eq 9 products of images formed in 0.360 seconds
for i eq 10, products of the generators found in 0.000 seconds
images of products found in 0.000 seconds
for i eq 10 products of images formed in 0.300 seconds
for i eq 11, products of the generators found in 0.000 seconds
images of products found in 0.010 seconds
for i eq 11 products of images formed in 0.340 seconds
for i eq 12, products of the generators found in 0.000 seconds
images of products found in 0.010 seconds
for i eq 12 products of images formed in 0.280 seconds
for i eq 13, products of the generators found in 0.000 seconds
images of products found in 0.000 seconds
for i eq 13 products of images formed in 0.350 seconds
for i eq 14, products of the generators found in 0.000 seconds
images of products found in 0.010 seconds
for i eq 14 products of images formed in 0.320 seconds
for i eq 15, products of the generators found in 0.000 seconds
images of products found in 0.010 seconds
for i eq 15 products of images formed in 0.360 seconds
for i eq 16, products of the generators found in 0.000 seconds
images of products found in 0.000 seconds
for i eq 16 products of images formed in 0.310 seconds
for i eq 17, products of the generators found in 0.000 seconds
images of products found in 0.000 seconds
for i eq 17 products of images formed in 0.350 seconds
for i eq 18, products of the generators found in 0.000 seconds
images of products found in 0.010 seconds
for i eq 18 products of images formed in 0.360 seconds
for i eq 19, products of the generators found in 0.000 seconds
images of products found in 0.000 seconds
for i eq 19 products of images formed in 0.370 seconds
for i eq 20, products of the generators found in 0.000 seconds
images of products found in 0.000 seconds
for i eq 20 products of images formed in 0.330 seconds
for i eq 21, products of the generators found in 0.000 seconds
images of products found in 0.010 seconds
for i eq 21 products of images formed in 0.350 seconds
for i eq 22, products of the generators found in 0.000 seconds
images of products found in 0.000 seconds
for i eq 22 products of images formed in 0.360 seconds
for i eq 23, products of the generators found in 0.000 seconds
images of products found in 0.000 seconds
for i eq 23 products of images formed in 0.370 seconds
for i eq 24, products of the generators found in 0.010 seconds
images of products found in 0.000 seconds
for i eq 24 products of images formed in 0.340 seconds
for i eq 25, products of the generators found in 0.000 seconds
images of products found in 0.000 seconds
for i eq 25 products of images formed in 0.340 seconds
for i eq 26, products of the generators found in 0.000 seconds
images of products found in 0.000 seconds
for i eq 26 products of images formed in 0.320 seconds
for i eq 27, products of the generators found in 0.000 seconds
images of products found in 0.000 seconds
for i eq 27 products of images formed in 0.320 seconds
for i eq 28, products of the generators found in 0.000 seconds
images of products found in 0.010 seconds
for i eq 28 products of images formed in 0.360 seconds
for i eq 29, products of the generators found in 0.000 seconds
images of products found in 0.010 seconds
for i eq 29 products of images formed in 0.300 seconds
for i eq 30, products of the generators found in 0.000 seconds
images of products found in 0.000 seconds
for i eq 30 products of images formed in 0.330 seconds
for i eq 31, products of the generators found in 0.000 seconds
images of products found in 0.000 seconds
for i eq 31 products of images formed in 0.010 seconds
for i eq 32, products of the generators found in 0.010 seconds
images of products found in 0.000 seconds
for i eq 32 products of images formed in 0.280 seconds
for i eq 33, products of the generators found in 0.000 seconds
images of products found in 0.010 seconds
for i eq 33 products of images formed in 0.310 seconds
for i eq 34, products of the generators found in 0.000 seconds
images of products found in 0.000 seconds
for i eq 34 products of images formed in 0.340 seconds
for i eq 35, products of the generators found in 0.000 seconds
images of products found in 0.000 seconds
for i eq 35 products of images formed in 0.040 seconds
for i eq 36, products of the generators found in 0.000 seconds
images of products found in 0.010 seconds
for i eq 36 products of images formed in 0.000 seconds
for i eq 37, products of the generators found in 0.000 seconds
images of products found in 0.000 seconds
for i eq 37 products of images formed in 0.000 seconds
for i eq 38, products of the generators found in 0.010 seconds
images of products found in 0.000 seconds
for i eq 38 products of images formed in 0.030 seconds
for i eq 39, products of the generators found in 0.000 seconds
images of products found in 0.000 seconds
for i eq 39 products of images formed in 0.300 seconds
for i eq 40, products of the generators found in 0.000 seconds
images of products found in 0.000 seconds
for i eq 40 products of images formed in 0.300 seconds
for i eq 41, products of the generators found in 0.000 seconds
images of products found in 0.000 seconds
for i eq 41 products of images formed in 0.290 seconds
for i eq 42, products of the generators found in 0.000 seconds
images of products found in 0.010 seconds
for i eq 42 products of images formed in 0.000 seconds
for i eq 43, products of the generators found in 0.000 seconds
images of products found in 0.010 seconds
for i eq 43 products of images formed in 0.290 seconds
for i eq 44, products of the generators found in 0.000 seconds
images of products found in 0.000 seconds
for i eq 44 products of images formed in 0.330 seconds
for i eq 45, products of the generators found in 0.000 seconds
images of products found in 0.000 seconds
for i eq 45 products of images formed in 0.300 seconds
for i eq 46, products of the generators found in 0.000 seconds
images of products found in 0.000 seconds
for i eq 46 products of images formed in 0.010 seconds
for i eq 47, products of the generators found in 0.000 seconds
images of products found in 0.000 seconds
for i eq 47 products of images formed in 0.000 seconds
for i eq 48, products of the generators found in 0.000 seconds
images of products found in 0.000 seconds
for i eq 48 products of images formed in 0.010 seconds
for i eq 49, products of the generators found in 0.000 seconds
images of products found in 0.000 seconds
for i eq 49 products of images formed in 0.000 seconds
for i eq 50, products of the generators found in 0.000 seconds
images of products found in 0.000 seconds
for i eq 50 products of images formed in 0.000 seconds
for i eq 51, products of the generators found in 0.000 seconds
images of products found in 0.010 seconds
for i eq 51 products of images formed in 0.000 seconds
for i eq 52, products of the generators found in 0.000 seconds
images of products found in 0.000 seconds
for i eq 52 products of images formed in 0.000 seconds
for i eq 53, products of the generators found in 0.000 seconds
images of products found in 0.000 seconds
for i eq 53 products of images formed in 0.010 seconds
for i eq 54, products of the generators found in 0.000 seconds
images of products found in 0.000 seconds
for i eq 54 products of images formed in 0.000 seconds
for i eq 55, products of the generators found in 0.000 seconds
images of products found in 0.000 seconds
for i eq 55 products of images formed in 0.000 seconds
for i eq 56, products of the generators found in 0.000 seconds
images of products found in 0.000 seconds
for i eq 56 products of images formed in 0.010 seconds
for i eq 57, products of the generators found in 0.000 seconds
images of products found in 0.000 seconds
for i eq 57 products of images formed in 0.000 seconds
for i eq 58, products of the generators found in 0.000 seconds
images of products found in 0.000 seconds
for i eq 58 products of images formed in 0.000 seconds
for i eq 59, products of the generators found in 0.000 seconds
images of products found in 0.000 seconds
for i eq 59 products of images formed in 0.010 seconds
for i eq 60, products of the generators found in 0.000 seconds
images of products found in 0.000 seconds
for i eq 60 products of images formed in 0.000 seconds
for i eq 61, products of the generators found in 0.000 seconds
images of products found in 0.000 seconds
for i eq 61 products of images formed in 0.000 seconds
for i eq 62, products of the generators found in 0.000 seconds
images of products found in 0.000 seconds
for i eq 62 products of images formed in 0.010 seconds
for i eq 63, products of the generators found in 0.000 seconds
images of products found in 0.000 seconds
for i eq 63 products of images formed in 0.000 seconds
for i eq 64, products of the generators found in 0.000 seconds
images of products found in 0.000 seconds
for i eq 64 products of images formed in 0.000 seconds
for i eq 65, products of the generators found in 0.000 seconds
images of products found in 0.000 seconds
for i eq 65 products of images formed in 0.010 seconds
for i eq 66, products of the generators found in 0.000 seconds
images of products found in 0.000 seconds
for i eq 66 products of images formed in 0.000 seconds
for i eq 67, products of the generators found in 0.000 seconds
images of products found in 0.000 seconds
for i eq 67 products of images formed in 0.000 seconds
for i eq 68, products of the generators found in 0.000 seconds
images of products found in 0.000 seconds
for i eq 68 products of images formed in 0.010 seconds
for i eq 69, products of the generators found in 0.000 seconds
images of products found in 0.000 seconds
for i eq 69 products of images formed in 0.000 seconds
for i eq 70, products of the generators found in 0.000 seconds
images of products found in 0.000 seconds
for i eq 70 products of images formed in 0.000 seconds
for i eq 71, products of the generators found in 0.000 seconds
images of products found in 0.000 seconds
for i eq 71 products of images formed in 0.000 seconds
for i eq 72, products of the generators found in 0.010 seconds
images of products found in 0.000 seconds
for i eq 72 products of images formed in 0.000 seconds
for i eq 73, products of the generators found in 0.000 seconds
images of products found in 0.000 seconds
for i eq 73 products of images formed in 0.000 seconds
for i eq 74, products of the generators found in 0.000 seconds
images of products found in 0.000 seconds
for i eq 74 products of images formed in 0.000 seconds
for i eq 75, products of the generators found in 0.000 seconds
images of products found in 0.000 seconds
for i eq 75 products of images formed in 0.010 seconds
for i eq 76, products of the generators found in 0.000 seconds
images of products found in 0.000 seconds
for i eq 76 products of images formed in 0.000 seconds
for i eq 77, products of the generators found in 0.000 seconds
images of products found in 0.000 seconds
for i eq 77 products of images formed in 0.000 seconds
for i eq 78, products of the generators found in 0.000 seconds
images of products found in 0.000 seconds
for i eq 78 products of images formed in 0.010 seconds
for i eq 79, products of the generators found in 0.000 seconds
images of products found in 0.000 seconds
for i eq 79 products of images formed in 0.000 seconds
for i eq 80, products of the generators found in 0.000 seconds
images of products found in 0.000 seconds
for i eq 80 products of images formed in 0.000 seconds
for i eq 81, products of the generators found in 0.000 seconds
images of products found in 0.000 seconds
for i eq 81 products of images formed in 0.000 seconds
for i eq 82, products of the generators found in 0.000 seconds
images of products found in 0.000 seconds
for i eq 82 products of images formed in 0.010 seconds
for i eq 83, products of the generators found in 0.000 seconds
images of products found in 0.000 seconds
for i eq 83 products of images formed in 0.000 seconds
for i eq 84, products of the generators found in 0.000 seconds
images of products found in 0.000 seconds
for i eq 84 products of images formed in 0.000 seconds
for i eq 85, products of the generators found in 0.000 seconds
images of products found in 0.000 seconds
for i eq 85 products of images formed in 0.000 seconds
for i eq 86, products of the generators found in 0.010 seconds
images of products found in 0.000 seconds
for i eq 86 products of images formed in 0.000 seconds
for i eq 87, products of the generators found in 0.000 seconds
images of products found in 0.000 seconds
for i eq 87 products of images formed in 0.000 seconds
for i eq 88, products of the generators found in 0.000 seconds
images of products found in 0.000 seconds
for i eq 88 products of images formed in 0.000 seconds
for i eq 89, products of the generators found in 0.000 seconds
images of products found in 0.000 seconds
for i eq 89 products of images formed in 0.000 seconds
for i eq 90, products of the generators found in 0.010 seconds
images of products found in 0.000 seconds
for i eq 90 products of images formed in 0.000 seconds
for i eq 91, products of the generators found in 0.000 seconds
images of products found in 0.000 seconds
for i eq 91 products of images formed in 0.000 seconds
for i eq 92, products of the generators found in 0.000 seconds
images of products found in 0.000 seconds
for i eq 92 products of images formed in 0.000 seconds
for i eq 93, products of the generators found in 0.000 seconds
images of products found in 0.000 seconds
for i eq 93 products of images formed in 0.000 seconds
for i eq 94, products of the generators found in 0.000 seconds
images of products found in 0.010 seconds
for i eq 94 products of images formed in 0.000 seconds
for i eq 95, products of the generators found in 0.000 seconds
images of products found in 0.000 seconds
for i eq 95 products of images formed in 0.000 seconds
for i eq 96, products of the generators found in 0.000 seconds
images of products found in 0.000 seconds
for i eq 96 products of images formed in 0.000 seconds
for i eq 97, products of the generators found in 0.000 seconds
images of products found in 0.000 seconds
for i eq 97 products of images formed in 0.000 seconds
for i eq 98, products of the generators found in 0.000 seconds
images of products found in 0.000 seconds
for i eq 98 products of images formed in 0.000 seconds
for i eq 99, products of the generators found in 0.000 seconds
images of products found in 0.010 seconds
for i eq 99 products of images formed in 0.010 seconds
for i eq 100, products of the generators found in 0.000 seconds
images of products found in 0.000 seconds
for i eq 100 products of images formed in 0.000 seconds
for i eq 101, products of the generators found in 0.000 seconds
images of products found in 0.000 seconds
for i eq 101 products of images formed in 0.000 seconds
Time: 29.780
true
The length condition has been imposed.
ideal set up in 0.040 seconds.
The Groebner basis formed in 0.000 seconds.
The size of the variety over the algebraic closure of the ground field found in 
0.000 seconds.
The length condition has been imposed.
ideal set up in 0.030 seconds.
The Groebner basis formed in 0.000 seconds.
The size of the variety over the algebraic closure of the ground field found in 
0.000 seconds.
The length condition has been imposed.
ideal set up in 0.040 seconds.
The Groebner basis formed in 0.000 seconds.
The size of the variety over the algebraic closure of the ground field found in 
0.000 seconds.
true {@ (0 0 0 0 0 0 0 0 0 0 0 0 0 0 0 0 0 0 0 0 0 0 0 0 0 0 0 0 0 0 0 0 0 0 0 0
    0 0 0 0 0 0 0 0 0 0 0 0 0 0 0 1 0 0 0 0 0 0 0 0 0 0 0 0 0 0 0 0 0 0 0 0 0 0 
    0 0 0 0 0 0 0 0 0 0 0 0 0 0 0 0 0 0 0 0 0 0 0 0 0 0 0) @}
Time: 21.790
The class is not induced by axes
The length condition has been imposed.
ideal set up in 0.030 seconds.
The Groebner basis formed in 0.000 seconds.
The size of the variety over the algebraic closure of the ground field found in 
0.000 seconds.
The length condition has been imposed.
ideal set up in 0.030 seconds.
The Groebner basis formed in 0.000 seconds.
The size of the variety over the algebraic closure of the ground field found in 
0.000 seconds.
The length condition has been imposed.
ideal set up in 0.040 seconds.
The Groebner basis formed in 0.000 seconds.
The size of the variety over the algebraic closure of the ground field found in 
0.000 seconds.
true
products of basis vectors of the subspace found in 0.820 seconds
The relation coming from the idempotency found in 0.010 seconds
The quadratic length relation found in 0.000 seconds 
The identity and the linear length relation found in 0.000 seconds 
The ideal has been set up in 0.830 seconds.
The Groebner basis has been computed in 0.000 seconds.
The size of the variety over the algebraic closure computed in 0.000 seconds
The variety over the ground field found in 0.000 seconds
products of basis vectors of the subspace found in 0.820 seconds
The relation coming from the idempotency found in 0.010 seconds
The quadratic length relation found in 0.000 seconds 
The identity and the linear length relation found in 0.000 seconds 
The ideal has been set up in 0.830 seconds.
The Groebner basis has been computed in 0.000 seconds.
The size of the variety over the algebraic closure computed in 0.000 seconds
The variety over the ground field found in 0.000 seconds
Time: 1.660
The length condition has been imposed.
ideal set up in 0.070 seconds.
The Groebner basis formed in 0.000 seconds.
The size of the variety over the algebraic closure of the ground field found in 
0.000 seconds.
ideal set up in 0.060 seconds.
ideal set up in 0.060 seconds.
The Groebner basis formed in 0.000 seconds.
The size of the variety over the algebraic closure of the ground field found in 
0.000 seconds.
Time: 18.760
true
The map form of the mapping formed in 0.000 seconds.
The injectivity check performed in 0.000 seconds.
products of both inputs and images computed in 0.110 seconds
Current size of used_prods is 46 
The current counter current is [ 1, 55 ] and the new counter is [ 1, 55 ]
multiplication is now closed with minimum 2-closure 
current dimension is 101
Current size of used_prods is 46 
now exited the while loop
The map form of the mapping formed in 0.000 seconds.
The injectivity check performed in 0.000 seconds.
products of both inputs and images computed in 0.030 seconds
current dimension is 26
Current size of used_prods is 11 
current is [ 1, 26 ], new is [ 16, 26 ]
products of both inputs and images computed in 6.070 seconds
Current size of used_prods is 0 
The current counter current is [ 1, 26 ] and the new counter is [ 16, 26 ]
multiplication is now closed with minimum 2-closure 
now exited the while loop
The map form of the mapping formed in 0.010 seconds.
The injectivity check performed in 0.000 seconds.
products of both inputs and images computed in 0.110 seconds
Current size of used_prods is 46 
The current counter current is [ 1, 55 ] and the new counter is [ 1, 55 ]
multiplication is now closed with minimum 2-closure 
current dimension is 101
Current size of used_prods is 46 
now exited the while loop
The map form of the mapping formed in 0.000 seconds.
The injectivity check performed in 0.000 seconds.
products of both inputs and images computed in 0.030 seconds
current dimension is 26
Current size of used_prods is 11 
current is [ 1, 26 ], new is [ 16, 26 ]
products of both inputs and images computed in 6.320 seconds
Current size of used_prods is 0 
The current counter current is [ 1, 26 ] and the new counter is [ 16, 26 ]
multiplication is now closed with minimum 2-closure 
now exited the while loop
The map form of the mapping formed in 0.000 seconds.
The injectivity check performed in 0.000 seconds.
products of both inputs and images computed in 0.010 seconds
Current size of used_prods is 0 
The current counter current is [ 1, 3 ] and the new counter is [ 1, 3 ]
multiplication is now closed with minimum 1-closure 
now exited the while loop
 products of basis vectors found in 1.860 seconds.
Coordinates of vectors found in 0.070 seconds.
 products of basis vectors found in 1.750 seconds.
Coordinates of vectors found in 0.060 seconds.
 products of basis vectors found in 5.040 seconds.
Coordinates of vectors found in 0.180 seconds.
Time: 5.220
The structure constants accessed in 0.000 seconds
Left-hand and right-hand matrices formed in 0.010 seconds.
The solution space for the system found in 0.080 seconds
The current memory used is 350.250000000000000000000000000 megabytes
checking on all triples..
The products of basis elements accessed in 0.000 seconds.
The values (a_ia_j, a_k) evaluated in 0.010 seconds.
Check for basis 1 of the solution space completed in 0.020 seconds
Time: 0.110
Time: 41.220
Time: 0.220
Time: 215.230
The map form of the mapping formed in 0.000 seconds.
The injectivity check performed in 0.000 seconds.
products of both inputs and images computed in 0.010 seconds
current dimension is 3
Current size of used_prods is 1 
current is [ 1, 3 ], new is [ 3, 3 ]
products of both inputs and images computed in 0.010 seconds
current dimension is 5
Current size of used_prods is 2 
current is [ 1, 5 ], new is [ 4, 5 ]
products of both inputs and images computed in 0.030 seconds
current dimension is 6
Current size of used_prods is 1 
current is [ 1, 6 ], new is [ 6, 6 ]
products of both inputs and images computed in 0.010 seconds
Current size of used_prods is 0 
The current counter current is [ 1, 6 ] and the new counter is [ 6, 6 ]
multiplication is now closed with minimum 5-closure 
now exited the while loop
products of basis vectors of the subspace found in 0.000 seconds
The relation coming from the idempotency found in 0.000 seconds
The ideal has been set up in 0.000 seconds.
The Groebner basis has been computed in 0.000 seconds.
The size of the variety over the algebraic closure computed in 0.000 seconds
The variety over the ground field found in 0.000 seconds
Time: 0.000
The components of each basis element found in 0.000 seconds
The fusion law for the first random ten percent of the basis elements found in 
0.040 seconds
The fusion law found checked on all basis elements in 0.200 seconds
Time: 0.260
The map form of the mapping formed in 0.000 seconds.
The injectivity check performed in 0.000 seconds.
products of both inputs and images computed in 0.030 seconds
current dimension is 17
Current size of used_prods is 11 
current is [ 1, 17 ], new is [ 7, 17 ]
products of both inputs and images computed in 0.120 seconds
Current size of used_prods is 1 
The current counter current is [ 1, 17 ] and the new counter is [ 7, 17 ]
multiplication is now closed with minimum 3-closure 
current dimension is 18
Current size of used_prods is 1 
now exited the while loop
The adjoint matrices of the subalgebra bases elements found in 0.020 seconds.
The adjoint actions of the bases vectors of the subalgebra acting on the module
   found in 0.000 seconds.
The coefficients of the images of bases vectors of the subalgebra acting on the 
module
   found in 0.000 seconds.
The coefficient matrix of the system of equations found in 0.010 seconds
 The system of equations solved in 0.000 seconds
Space of extensions found, and is of dimension 2, now checking on all of basis 
vectors..
The matrices encoding the coefficients of the module bases images under the 
subalgebra found in 0.000 seconds.
The products of phi with the matrices above computed in 0.000 seconds.
The check for basis element 1 of the extension completed in 0.000 seconds.
The check for basis element 2 of the extension completed in 0.000 seconds.
Time: 0.060
 Degree 6 eigenspace found in 0.000 seconds
 Degree 6 eigenspace found in 0.000 seconds
The adjoint matrices of the subalgebra bases elements found in 0.020 seconds.
The adjoint actions of the bases vectors of the subalgebra acting on the module
   found in 0.000 seconds.
The coefficients of the images of bases vectors of the subalgebra acting on the 
module
   found in 0.010 seconds.
The coefficient matrix of the system of equations found in 0.000 seconds
 The system of equations solved in 0.000 seconds
Space of extensions found, and is of dimension 1, now checking on all of basis 
vectors..
The matrices encoding the coefficients of the module bases images under the 
subalgebra found in 0.000 seconds.
The products of phi with the matrices above computed in 0.000 seconds.
The check for basis element 1 of the extension completed in 0.000 seconds.
Time: 0.060
The adjoint matrices of the subalgebra bases elements found in 0.020 seconds.
The adjoint actions of the bases vectors of the subalgebra acting on the module
   found in 0.010 seconds.
The coefficients of the images of bases vectors of the subalgebra acting on the 
module
   found in 0.000 seconds.
The coefficient matrix of the system of equations found in 0.000 seconds
 The system of equations solved in 0.000 seconds
Space of extensions found, and is of dimension 1, now checking on all of basis 
vectors..
The matrices encoding the coefficients of the module bases images under the 
subalgebra found in 0.000 seconds.
The products of phi with the matrices above computed in 0.000 seconds.
The check for basis element 1 of the extension completed in 0.000 seconds.
Time: 0.050
The map form of the mapping formed in 0.000 seconds.
The injectivity check performed in 0.000 seconds.
products of both inputs and images computed in 3.910 seconds
current dimension is 89
Current size of used_prods is 55 
current is [ 1, 89 ], new is [ 35, 89 ]
products of both inputs and images computed in 47.290 seconds
Current size of used_prods is 12 
The current counter current is [ 1, 89 ] and the new counter is [ 35, 89 ]
multiplication is now closed with minimum 3-closure 
current dimension is 101
Current size of used_prods is 12 
now exited the while loop
The map form of the mapping formed in 0.000 seconds.
The injectivity check performed in 0.000 seconds.
products of both inputs and images computed in 4.160 seconds
current dimension is 89
Current size of used_prods is 55 
current is [ 1, 89 ], new is [ 35, 89 ]
products of both inputs and images computed in 41.530 seconds
Current size of used_prods is 12 
The current counter current is [ 1, 89 ] and the new counter is [ 35, 89 ]
multiplication is now closed with minimum 3-closure 
current dimension is 101
Current size of used_prods is 12 
now exited the while loop
The map form of the mapping formed in 0.000 seconds.
The injectivity check performed in 0.000 seconds.
products of both inputs and images computed in 4.230 seconds
current dimension is 89
Current size of used_prods is 55 
current is [ 1, 89 ], new is [ 35, 89 ]
products of both inputs and images computed in 41.570 seconds
Current size of used_prods is 12 
The current counter current is [ 1, 89 ] and the new counter is [ 35, 89 ]
multiplication is now closed with minimum 3-closure 
current dimension is 101
Current size of used_prods is 12 
now exited the while loop
The adjoint matrices of the subalgebra bases elements found in 4.930 seconds.
The adjoint actions of the bases vectors of the subalgebra acting on the module
   found in 0.100 seconds.
The coefficients of the images of bases vectors of the subalgebra acting on the 
module
   found in 0.250 seconds.
The coefficient matrix of the system of equations found in 0.070 seconds
 The system of equations solved in 0.020 seconds
Space of extensions found, and is of dimension 1, now checking on all of basis 
vectors..
The matrices encoding the coefficients of the module bases images under the 
subalgebra found in 0.000 seconds.
The products of phi with the matrices above computed in 0.010 seconds.
The check for basis element 1 of the extension completed in 0.010 seconds.
Time: 9.810
The adjoint matrices of the subalgebra bases elements found in 4.920 seconds.
The adjoint actions of the bases vectors of the subalgebra acting on the module
   found in 0.130 seconds.
The coefficients of the images of bases vectors of the subalgebra acting on the 
module
   found in 0.210 seconds.
The coefficient matrix of the system of equations found in 0.070 seconds
 The system of equations solved in 0.020 seconds
Space of extensions found, and is of dimension 1, now checking on all of basis 
vectors..
The matrices encoding the coefficients of the module bases images under the 
subalgebra found in 0.000 seconds.
The products of phi with the matrices above computed in 0.000 seconds.
The check for basis element 1 of the extension completed in 0.010 seconds.
Time: 8.750
The adjoint matrices of the subalgebra bases elements found in 4.950 seconds.
The adjoint actions of the bases vectors of the subalgebra acting on the module
   found in 0.100 seconds.
The coefficients of the images of bases vectors of the subalgebra acting on the 
module
   found in 0.200 seconds.
The coefficient matrix of the system of equations found in 0.080 seconds
 The system of equations solved in 0.020 seconds
Space of extensions found, and is of dimension 1, now checking on all of basis 
vectors..
The matrices encoding the coefficients of the module bases images under the 
subalgebra found in 0.000 seconds.
The products of phi with the matrices above computed in 0.000 seconds.
The check for basis element 1 of the extension completed in 0.010 seconds.
Time: 8.330
